FREQ 62500000 12
TIMER_IRQ 10 68
TIMER_IRQ 100 481
TIMER_IRQ 1000 213
TIMER_IRQ 10000 640
TIMER_IRQ 10 90
TIMER_IRQ 100 487
TIMER_IRQ 1000 202
TIMER_IRQ 10000 384
TIMER_IRQ 10 249
TIMER_IRQ 100 277
TIMER_IRQ 1000 469
TIMER_IRQ 10000 254
TIMER_IRQ 10 281
TIMER_IRQ 100 60
TIMER_IRQ 1000 156
TIMER_IRQ 10000 170
TIMER_IRQ 10 160
TIMER_IRQ 100 51
TIMER_IRQ 1000 197
TIMER_IRQ 10000 339
TIMER_IRQ 10 262
TIMER_IRQ 100 227
TIMER_IRQ 1000 317
TIMER_IRQ 10000 221
TIMER_IRQ 10 82
TIMER_IRQ 100 248
TIMER_IRQ 1000 27
TIMER_IRQ 10000 16
TIMER_IRQ 10 83
TIMER_IRQ 100 92
TIMER_IRQ 1000 165
TIMER_IRQ 10000 81
PASS
