FREQ 62500000 3
PACKET 1 0
LATENCY 1 240
PACKET 2 0
LATENCY 2 220
PACKET 3 0
LATENCY 3 206
PACKET 4 0
LATENCY 4 191
PACKET 5 0
LATENCY 5 1736
PACKET 6 0
LATENCY 6 863
PACKET 7 0
LATENCY 7 14309
PACKET 8 0
LATENCY 8 19851
PACKET 9 0
LATENCY 9 14971
PACKET 10 0
LATENCY 10 16028
PACKET 11 0
LATENCY 11 13015
PACKET 12 0
LATENCY 12 14292
PACKET 13 0
LATENCY 13 12170
PACKET 14 0
LATENCY 14 13929
PACKET 15 0
LATENCY 15 12125
PACKET 16 0
LATENCY 16 14093
PACKET 17 0
LATENCY 17 12294
PACKET 18 0
LATENCY 18 13348
PACKET 19 0
LATENCY 19 12264
PACKET 20 0
LATENCY 20 13976
PACKET 21 0
LATENCY 21 12422
PACKET 22 0
LATENCY 22 13700
PACKET 23 0
LATENCY 23 12386
PACKET 24 0
LATENCY 24 14148
PACKET 25 0
LATENCY 25 13222
PACKET 26 0
LATENCY 26 12628
PACKET 27 0
LATENCY 27 13473
PACKET 28 0
LATENCY 28 12406
PACKET 29 0
LATENCY 29 13454
PACKET 30 0
LATENCY 30 12047
PACKET 31 0
LATENCY 31 13342
PACKET 32 0
LATENCY 32 12255
PACKET 33 1
LATENCY 33 312518
PACKET 34 1
LATENCY 34 312551
PASS
