FREQ 62500000 4
TIMER 10 24
POST_WARP 0 1938190
TIMER 100 3
POST_WARP 1 1987046
TIMER 1000 2
POST_WARP 2 1983542
TIMER 10000 2
POST_WARP 3 1984933
TIMER 10 12920
POST_WARP 4 1996061
TIMER 100 2
POST_WARP 5 1998858
TIMER 1000 2
POST_WARP 6 1992691
TIMER 10000 201
POST_WARP 7 1983541
TIMER 10 3378
POST_WARP 8 1982594
TIMER 100 4
POST_WARP 9 1992650
TIMER 1000 2
POST_WARP 10 1985045
TIMER 10000 3
POST_WARP 11 1988907
TIMER 10 4240
POST_WARP 12 1981637
TIMER 100 2
POST_WARP 13 1998877
TIMER 1000 2
POST_WARP 14 1988092
TIMER 10000 3
POST_WARP 15 1995629
TIMER 10 4022
POST_WARP 16 1980932
TIMER 100 2
POST_WARP 17 2000338
TIMER 1000 2
POST_WARP 18 1994258
TIMER 10000 2
POST_WARP 19 2000769
TIMER 10 4584
POST_WARP 20 1990327
TIMER 100 2
POST_WARP 21 1985063
TIMER 1000 2
POST_WARP 22 1991199
TIMER 10000 649
POST_WARP 23 1990819
TIMER 10 5628
POST_WARP 24 1985531
TIMER 100 2
POST_WARP 25 1991101
TIMER 1000 4
POST_WARP 26 1992674
TIMER 10000 57
POST_WARP 27 1993450
TIMER 10 4898
POST_WARP 28 1990015
TIMER 100 5
POST_WARP 29 2001139
TIMER 1000 2
POST_WARP 30 1997204
TIMER 10000 2
POST_WARP 31 2000370
PASS
