FREQ 62500000 4
TIMER 10 51
POST_WARP 0 1939453
TIMER 100 18
POST_WARP 1 1990914
TIMER 1000 3
POST_WARP 2 1999254
TIMER 10000 4
POST_WARP 3 1981411
TIMER 10 6142
POST_WARP 4 1992091
TIMER 100 41
POST_WARP 5 1994005
TIMER 1000 4
POST_WARP 6 1990608
TIMER 10000 4
POST_WARP 7 1995216
TIMER 10 8848
POST_WARP 8 1979376
TIMER 100 8
POST_WARP 9 1984987
TIMER 1000 4
POST_WARP 10 2001972
TIMER 10000 5
POST_WARP 11 1997868
TIMER 10 5057
POST_WARP 12 1973504
TIMER 100 2091
POST_WARP 13 1957876
TIMER 1000 6
POST_WARP 14 1999116
TIMER 10000 7
POST_WARP 15 1994639
TIMER 10 123398
POST_WARP 16 1864622
TIMER 100 105
POST_WARP 17 1986800
TIMER 1000 3
POST_WARP 18 1998896
TIMER 10000 4
POST_WARP 19 1993840
TIMER 10 6432
POST_WARP 20 1985779
TIMER 100 115
POST_WARP 21 1993461
TIMER 1000 3
POST_WARP 22 1993355
TIMER 10000 4
POST_WARP 23 2007080
TIMER 10 6726
POST_WARP 24 1983865
TIMER 100 4
POST_WARP 25 1998607
TIMER 1000 3
POST_WARP 26 1997637
TIMER 10000 4
POST_WARP 27 1992211
TIMER 10 4552
POST_WARP 28 1988094
TIMER 100 2769
POST_WARP 29 1981323
TIMER 1000 22
POST_WARP 30 1995816
TIMER 10000 3
POST_WARP 31 1996794
PASS
