FREQ 62500000 12
TIMER_IRQ 10 62
TIMER_IRQ 100 202
TIMER_IRQ 1000 288
TIMER_IRQ 10000 14
TIMER_IRQ 10 21
TIMER_IRQ 100 88
TIMER_IRQ 1000 267
TIMER_IRQ 10000 591
TIMER_IRQ 10 81
TIMER_IRQ 100 214
TIMER_IRQ 1000 410
TIMER_IRQ 10000 506
TIMER_IRQ 10 99
TIMER_IRQ 100 536
TIMER_IRQ 1000 645
TIMER_IRQ 10000 24
TIMER_IRQ 10 28
TIMER_IRQ 100 422
TIMER_IRQ 1000 70
TIMER_IRQ 10000 14537
TIMER_IRQ 10 141
TIMER_IRQ 100 175
TIMER_IRQ 1000 551
TIMER_IRQ 10000 309
TIMER_IRQ 10 104
TIMER_IRQ 100 82
TIMER_IRQ 1000 146
TIMER_IRQ 10000 41
TIMER_IRQ 10 155
TIMER_IRQ 100 146
TIMER_IRQ 1000 284
TIMER_IRQ 10000 341
PASS
