FREQ 62500000 3
PACKET 1 0
LATENCY 1 292
PACKET 2 0
LATENCY 2 216
PACKET 3 0
LATENCY 3 220
PACKET 4 0
LATENCY 4 226
PACKET 5 0
LATENCY 5 1439
PACKET 6 0
LATENCY 6 4031
PACKET 7 0
LATENCY 7 20150
PACKET 8 0
LATENCY 8 17054
PACKET 9 0
LATENCY 9 16197
PACKET 10 0
LATENCY 10 15179
PACKET 11 0
LATENCY 11 13274
PACKET 12 0
LATENCY 12 12842
PACKET 13 0
LATENCY 13 13824
PACKET 14 0
LATENCY 14 13821
PACKET 15 0
LATENCY 15 15417
PACKET 16 0
LATENCY 16 12074
PACKET 17 0
LATENCY 17 11066
PACKET 18 0
LATENCY 18 14506
PACKET 19 0
LATENCY 19 13376
PACKET 20 0
LATENCY 20 11115
PACKET 21 0
LATENCY 21 12708
PACKET 22 0
LATENCY 22 13941
PACKET 23 0
LATENCY 23 14060
PACKET 24 0
LATENCY 24 13568
PACKET 25 0
LATENCY 25 12453
PACKET 26 0
LATENCY 26 13217
PACKET 27 0
LATENCY 27 12218
PACKET 28 0
LATENCY 28 12813
PACKET 29 0
LATENCY 29 14140
PACKET 30 0
LATENCY 30 14046
PACKET 31 0
LATENCY 31 12320
PACKET 32 0
LATENCY 32 13482
PACKET 33 1
LATENCY 33 312606
PACKET 34 1
LATENCY 34 312565
PASS
